[    0.000000] Linux version 4.15.0-144-generic (buildd@lgw01-amd64-031) (gcc version 7.5.0 (Ubuntu 7.5.0-3ubuntu1~18.04)) #148-Ubuntu SMP Sat May 8 02:33:43 UTC 2021 (Ubuntu 4.15.0-144.148-generic 4.15.18)
[    0.000000] Command line: BOOT_IMAGE=/boot/vmlinuz-4.15.0-144-generic root=LABEL=cloudimg-rootfs ro console=tty1 console=ttyS0
[    0.000000] KERNEL supported cpus:
[    0.000000]   Intel GenuineIntel
[    0.000000]   AMD AuthenticAMD
[    0.000000]   Centaur CentaurHauls
[    0.000000] x86/fpu: Supporting XSAVE feature 0x001: 'x87 floating point registers'
[    0.000000] x86/fpu: Supporting XSAVE feature 0x002: 'SSE registers'
[    0.000000] x86/fpu: Supporting XSAVE feature 0x004: 'AVX registers'
[    0.000000] x86/fpu: xstate_offset[2]:  576, xstate_sizes[2]:  256
[    0.000000] x86/fpu: Enabled xstate features 0x7, context size is 832 bytes, using 'standard' format.
[    0.000000] e820: BIOS-provided physical RAM map:
[    0.000000] BIOS-e820: [mem 0x0000000000000000-0x000000000009fbff] usable
[    0.000000] BIOS-e820: [mem 0x000000000009fc00-0x000000000009ffff] reserved
[    0.000000] BIOS-e820: [mem 0x00000000000f0000-0x00000000000fffff] reserved
[    0.000000] BIOS-e820: [mem 0x0000000000100000-0x000000003ffeffff] usable
[    0.000000] BIOS-e820: [mem 0x000000003fff0000-0x000000003fffffff] ACPI data
[    0.000000] BIOS-e820: [mem 0x00000000fec00000-0x00000000fec00fff] reserved
[    0.000000] BIOS-e820: [mem 0x00000000fee00000-0x00000000fee00fff] reserved
[    0.000000] BIOS-e820: [mem 0x00000000fffc0000-0x00000000ffffffff] reserved
[    0.000000] NX (Execute Disable) protection: active
[    0.000000] SMBIOS 2.5 present.
[    0.000000] DMI: innotek GmbH VirtualBox/VirtualBox, BIOS VirtualBox 12/01/2006
[    0.000000] Hypervisor detected: KVM
[    0.000000] e820: last_pfn = 0x3fff0 max_arch_pfn = 0x400000000
[    0.000000] MTRR: Disabled
[    0.000000] x86/PAT: MTRRs disabled, skipping PAT initialization too.
[    0.000000] CPU MTRRs all blank - virtualized system.
[    0.000000] x86/PAT: Configuration [0-7]: WB  WT  UC- UC  WB  WT  UC- UC  
[    0.000000] found SMP MP-table at [mem 0x0009fff0-0x0009ffff]
[    0.000000] Scanning 1 areas for low memory corruption
[    0.000000] RAMDISK: [mem 0x359cf000-0x36cdefff]
[    0.000000] ACPI: Early table checksum verification disabled
[    0.000000] ACPI: RSDP 0x00000000000E0000 000024 (v02 VBOX  )
[    0.000000] ACPI: XSDT 0x000000003FFF0030 00003C (v01 VBOX   VBOXXSDT 00000001 ASL  00000061)
[    0.000000] ACPI: FACP 0x000000003FFF00F0 0000F4 (v04 VBOX   VBOXFACP 00000001 ASL  00000061)
[    0.000000] ACPI: DSDT 0x000000003FFF0470 002325 (v02 VBOX   VBOXBIOS 00000002 INTL 20100528)
[    0.000000] ACPI: FACS 0x000000003FFF0200 000040
[    0.000000] ACPI: FACS 0x000000003FFF0200 000040
[    0.000000] ACPI: APIC 0x000000003FFF0240 00005C (v02 VBOX   VBOXAPIC 00000001 ASL  00000061)
[    0.000000] ACPI: SSDT 0x000000003FFF02A0 0001CC (v01 VBOX   VBOXCPUT 00000002 INTL 20100528)
[    0.000000] No NUMA configuration found
[    0.000000] Faking a node at [mem 0x0000000000000000-0x000000003ffeffff]
[    0.000000] NODE_DATA(0) allocated [mem 0x3ffc5000-0x3ffeffff]
[    0.000000] kvm-clock: cpu 0, msr 0:3ff44001, primary cpu clock
[    0.000000] kvm-clock: Using msrs 4b564d01 and 4b564d00
[    0.000000] kvm-clock: using sched offset of 3846363934 cycles
[    0.000000] clocksource: kvm-clock: mask: 0xffffffffffffffff max_cycles: 0x1cd42e4dffb, max_idle_ns: 881590591483 ns
[    0.000000] Zone ranges:
[    0.000000]   DMA      [mem 0x0000000000001000-0x0000000000ffffff]
[    0.000000]   DMA32    [mem 0x0000000001000000-0x000000003ffeffff]
[    0.000000]   Normal   empty
[    0.000000]   Device   empty
[    0.000000] Movable zone start for each node
[    0.000000] Early memory node ranges
[    0.000000]   node   0: [mem 0x0000000000001000-0x000000000009efff]
[    0.000000]   node   0: [mem 0x0000000000100000-0x000000003ffeffff]
[    0.000000] Reserved but unavailable: 98 pages
[    0.000000] Initmem setup node 0 [mem 0x0000000000001000-0x000000003ffeffff]
[    0.000000] ACPI: PM-Timer IO Port: 0x4008
[    0.000000] IOAPIC[0]: apic_id 2, version 32, address 0xfec00000, GSI 0-23
[    0.000000] ACPI: INT_SRC_OVR (bus 0 bus_irq 0 global_irq 2 dfl dfl)
[    0.000000] ACPI: INT_SRC_OVR (bus 0 bus_irq 9 global_irq 9 low level)
[    0.000000] Using ACPI (MADT) for SMP configuration information
[    0.000000] smpboot: Allowing 2 CPUs, 0 hotplug CPUs
[    0.000000] PM: Registered nosave memory: [mem 0x00000000-0x00000fff]
[    0.000000] PM: Registered nosave memory: [mem 0x0009f000-0x0009ffff]
[    0.000000] PM: Registered nosave memory: [mem 0x000a0000-0x000effff]
[    0.000000] PM: Registered nosave memory: [mem 0x000f0000-0x000fffff]
[    0.000000] e820: [mem 0x40000000-0xfebfffff] available for PCI devices
[    0.000000] Booting paravirtualized kernel on KVM
[    0.000000] clocksource: refined-jiffies: mask: 0xffffffff max_cycles: 0xffffffff, max_idle_ns: 7645519600211568 ns
[    0.000000] random: get_random_bytes called from start_kernel+0x99/0x500 with crng_init=0
[    0.000000] setup_percpu: NR_CPUS:8192 nr_cpumask_bits:2 nr_cpu_ids:2 nr_node_ids:1
[    0.000000] percpu: Embedded 45 pages/cpu s147456 r8192 d28672 u1048576
[    0.000000] PV qspinlock hash table entries: 256 (order: 0, 4096 bytes)
[    0.000000] Built 1 zonelists, mobility grouping on.  Total pages: 257913
[    0.000000] Policy zone: DMA32
[    0.000000] Kernel command line: BOOT_IMAGE=/boot/vmlinuz-4.15.0-144-generic root=LABEL=cloudimg-rootfs ro console=tty1 console=ttyS0
[    0.000000] Memory: 982716K/1048120K available (12300K kernel code, 2483K rwdata, 4316K rodata, 2448K init, 2724K bss, 65404K reserved, 0K cma-reserved)
[    0.000000] SLUB: HWalign=64, Order=0-3, MinObjects=0, CPUs=2, Nodes=1
[    0.000000] ftrace: allocating 39453 entries in 155 pages
[    0.004000] Hierarchical RCU implementation.
[    0.004000] 	RCU restricting CPUs from NR_CPUS=8192 to nr_cpu_ids=2.
[    0.004000] 	Tasks RCU enabled.
[    0.004000] RCU: Adjusting geometry for rcu_fanout_leaf=16, nr_cpu_ids=2
[    0.004000] NR_IRQS: 524544, nr_irqs: 440, preallocated irqs: 16
[    0.004000] Console: colour VGA+ 80x25
[    0.004000] console [tty1] enabled
[    0.004000] console [ttyS0] enabled
[    0.004000] ACPI: Core revision 20170831
[    0.004000] ACPI: 2 ACPI AML tables successfully acquired and loaded
[    0.004000] APIC: Switch to symmetric I/O mode setup
[    0.004000] x2apic enabled
[    0.004000] Switched APIC routing to physical x2apic.
[    0.004000] ..TIMER: vector=0x30 apic1=0 pin1=2 apic2=-1 pin2=-1
[    0.004018] tsc: Detected 1800.003 MHz processor
[    0.005037] Calibrating delay loop (skipped) preset value.. 3600.00 BogoMIPS (lpj=7200012)
[    0.005207] pid_max: default: 32768 minimum: 301
[    0.006233] Security Framework initialized
[    0.008003] Yama: becoming mindful.
[    0.008542] AppArmor: AppArmor initialized
[    0.012012] Dentry cache hash table entries: 131072 (order: 8, 1048576 bytes)
[    0.013547] Inode-cache hash table entries: 65536 (order: 7, 524288 bytes)
[    0.014871] Mount-cache hash table entries: 2048 (order: 2, 16384 bytes)
[    0.016014] Mountpoint-cache hash table entries: 2048 (order: 2, 16384 bytes)
[    0.018371] Last level iTLB entries: 4KB 64, 2MB 8, 4MB 8
[    0.020004] Last level dTLB entries: 4KB 64, 2MB 0, 4MB 0, 1GB 4
[    0.020810] Spectre V1 : Mitigation: usercopy/swapgs barriers and __user pointer sanitization
[    0.021981] Spectre V2 : Mitigation: Full generic retpoline
[    0.022828] Spectre V2 : Spectre v2 / SpectreRSB mitigation: Filling RSB on context switch
[    0.024002] Speculative Store Bypass: Vulnerable
[    0.024723] SRBDS: Mitigation: TSX disabled
[    0.025930] Freeing SMP alternatives memory: 36K
[    0.136848] smpboot: CPU0: Intel(R) Core(TM) i5-8265U CPU @ 1.60GHz (family: 0x6, model: 0x8e, stepping: 0xc)
[    0.139142] Performance Events: unsupported p6 CPU model 142 no PMU driver, software events only.
[    0.140000] Hierarchical SRCU implementation.
[    0.140662] NMI watchdog: Perf event create on CPU 0 failed with -2
[    0.141766] NMI watchdog: Perf NMI watchdog permanently disabled
[    0.142951] smp: Bringing up secondary CPUs ...
[    0.144072] x86: Booting SMP configuration:
[    0.145008] .... node  #0, CPUs:      #1
[    0.004000] kvm-clock: cpu 1, msr 0:3ff44041, secondary cpu clock
[    0.151626] smp: Brought up 1 node, 2 CPUs
[    0.152006] smpboot: Max logical packages: 1
[    0.152976] smpboot: Total of 2 processors activated (7200.01 BogoMIPS)
[    0.154471] devtmpfs: initialized
[    0.156046] x86/mm: Memory block size: 128MB
[    0.157065] evm: security.selinux
[    0.157728] evm: security.SMACK64
[    0.158355] evm: security.SMACK64EXEC
[    0.159081] evm: security.SMACK64TRANSMUTE
[    0.160003] evm: security.SMACK64MMAP
[    0.160597] evm: security.apparmor
[    0.161107] evm: security.ima
[    0.161561] evm: security.capability
[    0.162125] clocksource: jiffies: mask: 0xffffffff max_cycles: 0xffffffff, max_idle_ns: 7645041785100000 ns
[    0.162125] futex hash table entries: 512 (order: 3, 32768 bytes)
[    0.164082] pinctrl core: initialized pinctrl subsystem
[    0.168106] RTC time: 12:32:15, date: 06/20/21
[    0.169081] NET: Registered protocol family 16
[    0.172064] audit: initializing netlink subsys (disabled)
[    0.172863] audit: type=2000 audit(1624192340.337:1): state=initialized audit_enabled=0 res=1
[    0.173557] cpuidle: using governor ladder
[    0.173557] cpuidle: using governor menu
[    0.173557] ACPI: bus type PCI registered
[    0.176008] acpiphp: ACPI Hot Plug PCI Controller Driver version: 0.5
[    0.177138] PCI: Using configuration type 1 for base access
[    0.177951] HugeTLB registered 2.00 MiB page size, pre-allocated 0 pages
[    0.180082] ACPI: Added _OSI(Module Device)
[    0.181153] ACPI: Added _OSI(Processor Device)
[    0.182497] ACPI: Added _OSI(3.0 _SCP Extensions)
[    0.184019] ACPI: Added _OSI(Processor Aggregator Device)
[    0.184784] ACPI: Added _OSI(Linux-Dell-Video)
[    0.185422] ACPI: Added _OSI(Linux-Lenovo-NV-HDMI-Audio)
[    0.186432] ACPI: Added _OSI(Linux-HPI-Hybrid-Graphics)
[    0.187526] ACPI: Executed 1 blocks of module-level executable AML code
[    0.190660] ACPI: Interpreter enabled
[    0.192012] ACPI: (supports S0 S5)
[    0.192727] ACPI: Using IOAPIC for interrupt routing
[    0.193705] PCI: Using host bridge windows from ACPI; if necessary, use "pci=nocrs" and report a bug
[    0.195169] ACPI: Enabled 2 GPEs in block 00 to 07
[    0.201745] ACPI: PCI Root Bridge [PCI0] (domain 0000 [bus 00-ff])
[    0.202943] acpi PNP0A03:00: _OSC: OS supports [ASPM ClockPM Segments MSI]
[    0.204374] acpi PNP0A03:00: _OSC: not requesting OS control; OS requires [ExtendedConfig ASPM ClockPM MSI]
[    0.206411] acpi PNP0A03:00: fail to add MMCONFIG information, can't access extended PCI configuration space under this bridge.
[    0.208422] PCI host bridge to bus 0000:00
[    0.209152] pci_bus 0000:00: root bus resource [io  0x0000-0x0cf7 window]
[    0.210569] pci_bus 0000:00: root bus resource [io  0x0d00-0xffff window]
[    0.212003] pci_bus 0000:00: root bus resource [mem 0x000a0000-0x000bffff window]
[    0.214043] pci_bus 0000:00: root bus resource [mem 0x40000000-0xfdffffff window]
[    0.216011] pci_bus 0000:00: root bus resource [bus 00-ff]
[    0.220786] pci 0000:00:01.1: legacy IDE quirk: reg 0x10: [io  0x01f0-0x01f7]
[    0.221763] pci 0000:00:01.1: legacy IDE quirk: reg 0x14: [io  0x03f6]
[    0.222734] pci 0000:00:01.1: legacy IDE quirk: reg 0x18: [io  0x0170-0x0177]
[    0.223770] pci 0000:00:01.1: legacy IDE quirk: reg 0x1c: [io  0x0376]
[    0.236337] pci 0000:00:07.0: quirk: [io  0x4000-0x403f] claimed by PIIX4 ACPI
[    0.238347] pci 0000:00:07.0: quirk: [io  0x4100-0x410f] claimed by PIIX4 SMB
[    0.248209] ACPI: PCI Interrupt Link [LNKA] (IRQs 5 9 10 *11)
[    0.251068] ACPI: PCI Interrupt Link [LNKB] (IRQs 5 9 *10 11)
[    0.252063] ACPI: PCI Interrupt Link [LNKC] (IRQs 5 *9 10 11)
[    0.253268] ACPI: PCI Interrupt Link [LNKD] (IRQs 5 9 10 *11)
[    0.254915] SCSI subsystem initialized
[    0.255614] pci 0000:00:02.0: vgaarb: setting as boot VGA device
[    0.255614] pci 0000:00:02.0: vgaarb: VGA device added: decodes=io+mem,owns=io+mem,locks=none
[    0.256012] pci 0000:00:02.0: vgaarb: bridge control possible
[    0.256813] vgaarb: loaded
[    0.260023] ACPI: bus type USB registered
[    0.260664] usbcore: registered new interface driver usbfs
[    0.261491] usbcore: registered new interface driver hub
[    0.262291] usbcore: registered new device driver usb
[    0.263093] EDAC MC: Ver: 3.0.0
[    0.264074] PCI: Using ACPI for IRQ routing
[    0.265098] NetLabel: Initializing
[    0.265642] NetLabel:  domain hash size = 128
[    0.266476] NetLabel:  protocols = UNLABELED CIPSOv4 CALIPSO
[    0.267258] NetLabel:  unlabeled traffic allowed by default
[    0.268063] clocksource: Switched to clocksource kvm-clock
[    0.287339] VFS: Disk quotas dquot_6.6.0
[    0.288571] VFS: Dquot-cache hash table entries: 512 (order 0, 4096 bytes)
[    0.289777] AppArmor: AppArmor Filesystem Enabled
[    0.290472] pnp: PnP ACPI init
[    0.291914] pnp: PnP ACPI: found 3 devices
[    0.302393] clocksource: acpi_pm: mask: 0xffffff max_cycles: 0xffffff, max_idle_ns: 2085701024 ns
[    0.304085] NET: Registered protocol family 2
[    0.305158] TCP established hash table entries: 8192 (order: 4, 65536 bytes)
[    0.306436] TCP bind hash table entries: 8192 (order: 5, 131072 bytes)
[    0.309992] TCP: Hash tables configured (established 8192 bind 8192)
[    0.311093] UDP hash table entries: 512 (order: 2, 16384 bytes)
[    0.311923] UDP-Lite hash table entries: 512 (order: 2, 16384 bytes)
[    0.312909] NET: Registered protocol family 1
[    0.314468] pci 0000:00:00.0: Limiting direct PCI/PCI transfers
[    0.316297] pci 0000:00:01.0: Activating ISA DMA hang workarounds
[    0.317355] pci 0000:00:02.0: Video device with shadowed ROM at [mem 0x000c0000-0x000dffff]
[    0.318646] Unpacking initramfs...
[    0.670013] Freeing initrd memory: 19520K
[    0.671118] clocksource: tsc: mask: 0xffffffffffffffff max_cycles: 0x19f22c73312, max_idle_ns: 440795259572 ns
[    0.673264] platform rtc_cmos: registered platform RTC device (no PNP device found)
[    0.674564] Scanning for low memory corruption every 60 seconds
[    0.676467] Initialise system trusted keyrings
[    0.677396] Key type blacklist registered
[    0.678323] workingset: timestamp_bits=36 max_order=18 bucket_order=0
[    0.680562] zbud: loaded
[    0.682518] squashfs: version 4.0 (2009/01/31) Phillip Lougher
[    0.683863] fuse init (API version 7.26)
[    0.686570] Key type asymmetric registered
[    0.687173] Asymmetric key parser 'x509' registered
[    0.688076] Block layer SCSI generic (bsg) driver version 0.4 loaded (major 246)
[    0.689388] io scheduler noop registered
[    0.689960] io scheduler deadline registered
[    0.690639] io scheduler cfq registered (default)
[    0.691584] ACPI: AC Adapter [AC] (on-line)
[    0.692418] input: Power Button as /devices/LNXSYSTM:00/LNXPWRBN:00/input/input0
[    0.693830] ACPI: Power Button [PWRF]
[    0.694412] input: Sleep Button as /devices/LNXSYSTM:00/LNXSLPBN:00/input/input1
[    0.695628] ACPI: Sleep Button [SLPF]
[    0.697408] ACPI: Battery Slot [BAT0] (battery present)
[    0.698343] Serial: 8250/16550 driver, 32 ports, IRQ sharing enabled
[    0.719871] 00:02: ttyS0 at I/O 0x3f8 (irq = 4, base_baud = 115200) is a 16550A
[    0.726455] Linux agpgart interface v0.103
[    0.728377] loop: module loaded
[    0.729333] scsi host0: ata_piix
[    0.729945] scsi host1: ata_piix
[    0.730741] ata1: PATA max UDMA/33 cmd 0x1f0 ctl 0x3f6 bmdma 0xd000 irq 14
[    0.732215] ata2: PATA max UDMA/33 cmd 0x170 ctl 0x376 bmdma 0xd008 irq 15
[    0.733680] libphy: Fixed MDIO Bus: probed
[    0.734342] tun: Universal TUN/TAP device driver, 1.6
[    0.735205] PPP generic driver version 2.4.2
[    0.736348] ehci_hcd: USB 2.0 'Enhanced' Host Controller (EHCI) Driver
[    0.737597] ehci-pci: EHCI PCI platform driver
[    0.738567] ehci-platform: EHCI generic platform driver
[    0.739824] ohci_hcd: USB 1.1 'Open' Host Controller (OHCI) Driver
[    0.740918] ohci-pci: OHCI PCI platform driver
[    0.741564] ohci-platform: OHCI generic platform driver
[    0.742756] uhci_hcd: USB Universal Host Controller Interface driver
[    0.744588] i8042: PNP: PS/2 Controller [PNP0303:PS2K,PNP0f03:PS2M] at 0x60,0x64 irq 1,12
[    0.746650] serio: i8042 KBD port at 0x60,0x64 irq 1
[    0.747819] serio: i8042 AUX port at 0x60,0x64 irq 12
[    0.749231] mousedev: PS/2 mouse device common for all mice
[    0.750954] input: AT Translated Set 2 keyboard as /devices/platform/i8042/serio0/input/input2
[    0.752994] rtc_cmos rtc_cmos: rtc core: registered rtc_cmos as rtc0
[    0.754340] rtc_cmos rtc_cmos: alarms up to one day, 114 bytes nvram
[    0.755291] i2c /dev entries driver
[    0.756162] device-mapper: uevent: version 1.0.3
[    0.756992] device-mapper: ioctl: 4.37.0-ioctl (2017-09-20) initialised: dm-devel@redhat.com
[    0.758238] ledtrig-cpu: registered to indicate activity on CPUs
[    0.759743] NET: Registered protocol family 10
[    0.764230] Segment Routing with IPv6
[    0.764835] NET: Registered protocol family 17
[    0.765963] Key type dns_resolver registered
[    0.766900] mce: Using 0 MCE banks
[    0.767406] RAS: Correctable Errors collector initialized.
[    0.768328] sched_clock: Marking stable (768285703, 0)->(942296515, -174010812)
[    0.770176] registered taskstats version 1
[    0.770764] Loading compiled-in X.509 certificates
[    0.773330] Loaded X.509 cert 'Build time autogenerated kernel key: 1e5516648b223d94d04ce7d99e6048c9b3ebcb77'
[    0.775430] Loaded X.509 cert 'Canonical Ltd. Live Patch Signing: 14df34d1a87cf37625abec039ef2bf521249b969'
[    0.777547] Loaded X.509 cert 'Canonical Ltd. Kernel Module Signing: 88f752e560a1e0737e31163a466ad7b70a850c19'
[    0.778952] zswap: loaded using pool lzo/zbud
[    0.783928] Key type big_key registered
[    0.784697] Key type trusted registered
[    0.786770] Key type encrypted registered
[    0.787348] AppArmor: AppArmor sha1 policy hashing enabled
[    0.788190] ima: No TPM chip found, activating TPM-bypass! (rc=-19)
[    0.789122] ima: Allocated hash algorithm: sha1
[    0.789837] evm: HMAC attrs: 0x1
[    0.790544]   Magic number: 9:253:532
[    0.791080] tty ttyS12: hash matches
[    0.791678] rtc_cmos rtc_cmos: setting system clock to 2021-06-20 12:32:15 UTC (1624192335)
[    0.793055] BIOS EDD facility v0.16 2004-Jun-25, 0 devices found
[    0.794125] EDD information not available.
[    0.923434] Freeing unused kernel image memory: 2448K
[    0.933192] Write protecting the kernel read-only data: 20480k
[    0.945246] Freeing unused kernel image memory: 2008K
[    0.948155] Freeing unused kernel image memory: 1828K
[    0.958748] x86/mm: Checked W+X mappings: passed, no W+X pages found.
Loading, please wait...
starting version 237
[    1.011844] e1000: Intel(R) PRO/1000 Network Driver - version 7.3.21-k8-NAPI
[    1.014456] e1000: Copyright (c) 1999-2006 Intel Corporation.
[    1.017341] Fusion MPT base driver 3.04.20
[    1.018600] Copyright (c) 1999-2008 LSI Corporation
[    1.023165] Fusion MPT SPI Host driver 3.04.20
[    1.035023] AVX2 version of gcm_enc/dec engaged.
[    1.036602] AES CTR mode by8 optimization enabled
[    1.259368] input: ImExPS/2 Generic Explorer Mouse as /devices/platform/i8042/serio1/input/input4
[    1.726171] e1000 0000:00:03.0 eth0: (PCI:33MHz:32-bit) 02:98:b0:9b:6c:78
[    1.728912] e1000 0000:00:03.0 eth0: Intel(R) PRO/1000 Network Connection
[    1.731499] mptbase: ioc0: Initiating bringup
[    3.657174] ioc0: LSI53C1030 A0: Capabilities={Initiator}
[    7.066933] scsi host2: ioc0: LSI53C1030 A0, FwRev=00000000h, Ports=1, MaxQ=256, IRQ=20
[    9.678398] scsi 2:0:0:0: Direct-Access     VBOX     HARDDISK         1.0  PQ: 0 ANSI: 5
[    9.720215] scsi target2:0:0: Beginning Domain Validation
[    9.730318] scsi target2:0:0: Domain Validation skipping write tests
[    9.734172] scsi target2:0:0: Ending Domain Validation
[    9.737132] scsi target2:0:0: asynchronous
[    9.739291] scsi 2:0:1:0: Direct-Access     VBOX     HARDDISK         1.0  PQ: 0 ANSI: 5
[   10.040750] scsi target2:0:1: Beginning Domain Validation
[   10.044453] random: fast init done
[   10.046400] scsi target2:0:1: Domain Validation skipping write tests
[   10.048316] scsi target2:0:1: Ending Domain Validation
[   10.049740] scsi target2:0:1: asynchronous
[   10.056217] random: systemd-udevd: uninitialized urandom read (16 bytes read)
[   10.058798] sd 2:0:0:0: Attached scsi generic sg0 type 0
[   10.058811] random: systemd-udevd: uninitialized urandom read (16 bytes read)
[   10.061180] random: systemd-udevd: uninitialized urandom read (16 bytes read)
[   10.062562] sd 2:0:1:0: Attached scsi generic sg1 type 0
[   10.065052] sd 2:0:0:0: [sda] 83886080 512-byte logical blocks: (42.9 GB/40.0 GiB)
[   10.066763] sd 2:0:0:0: [sda] Write Protect is off
[   10.067728] sd 2:0:1:0: [sdb] 20480 512-byte logical blocks: (10.5 MB/10.0 MiB)
[   10.069883] sd 2:0:1:0: [sdb] Write Protect is off
[   10.070778] sd 2:0:0:0: [sda] Incomplete mode parameter data
[   10.072183] sd 2:0:0:0: [sda] Assuming drive cache: write through
[   10.074496] sd 2:0:1:0: [sdb] Incomplete mode parameter data
[   10.075808] sd 2:0:1:0: [sdb] Assuming drive cache: write through
[   10.078091] e1000 0000:00:08.0 eth1: (PCI:33MHz:32-bit) 08:00:27:54:8b:78
[   10.080913] e1000 0000:00:08.0 eth1: Intel(R) PRO/1000 Network Connection
[   10.083851] e1000 0000:00:03.0 enp0s3: renamed from eth0
[   10.088287]  sda: sda1
[   10.093038] sd 2:0:0:0: [sda] Attached SCSI disk
[   10.094975] sd 2:0:1:0: [sdb] Attached SCSI disk
[   10.104681] e1000 0000:00:08.0 enp0s8: renamed from eth1
Begin: Loading essential drivers ... [   12.400103] raid6: sse2x1   gen() 10369 MB/s
[   12.448331] raid6: sse2x1   xor()  6173 MB/s
[   12.496083] raid6: sse2x2   gen() 12364 MB/s
[   12.544092] raid6: sse2x2   xor()  8837 MB/s
[   12.592113] raid6: sse2x4   gen() 14711 MB/s
[   12.640089] raid6: sse2x4   xor()  8528 MB/s
[   12.688178] raid6: avx2x1   gen() 12969 MB/s
[   12.736147] raid6: avx2x1   xor() 12644 MB/s
[   12.784168] raid6: avx2x2   gen() 20267 MB/s
[   12.832154] raid6: avx2x2   xor() 16352 MB/s
[   12.880098] raid6: avx2x4   gen() 27490 MB/s
[   12.928216] raid6: avx2x4   xor() 17716 MB/s
[   12.929420] raid6: using algorithm avx2x4 gen() 27490 MB/s
[   12.930660] raid6: .... xor() 17716 MB/s, rmw enabled
[   12.931361] raid6: using avx2x2 recovery algorithm
[   12.933272] xor: automatically using best checksumming function   avx       
[   12.936241] async_tx: api initialized (async)
done.
Begin: Running /scripts/init-premount ... done.
Begin: Mounting root file system ... Begin: Running /scripts/local-top ... done.
Begin: Running /scripts/local-premount ... [   12.979227] Btrfs loaded, crc32c=crc32c-intel
Scanning for Btrfs filesystems
done.
Warning: fsck not present, so skipping root file system
[   13.017840] EXT4-fs (sda1): INFO: recovery required on readonly filesystem
[   13.019780] EXT4-fs (sda1): write access will be enabled during recovery
[   13.109416] EXT4-fs (sda1): orphan cleanup on readonly fs
[   13.113009] EXT4-fs (sda1): 9 orphan inodes deleted
[   13.114446] EXT4-fs (sda1): recovery complete
[   13.124897] EXT4-fs (sda1): mounted filesystem with ordered data mode. Opts: (null)
done.
Begin: Running /scripts/local-bottom ... done.
Begin: Running /scripts/init-bottom ... done.
[   13.302425] ip_tables: (C) 2000-2006 Netfilter Core Team
[   13.312399] systemd[1]: systemd 237 running in system mode. (+PAM +AUDIT +SELINUX +IMA +APPARMOR +SMACK +SYSVINIT +UTMP +LIBCRYPTSETUP +GCRYPT +GNUTLS +ACL +XZ +LZ4 +SECCOMP +BLKID +ELFUTILS +KMOD -IDN2 +IDN -PCRE2 default-hierarchy=hybrid)
[   13.316602] systemd[1]: Detected virtualization oracle.
[   13.317667] systemd[1]: Detected architecture x86-64.

Welcome to [1mUbuntu 18.04.5 LTS[0m!

[   13.324254] systemd[1]: Set hostname to <ubuntu-bionic>.
[   13.609908] systemd[1]: Reached target System Time Synchronized.
[[0;32m  OK  [0m] Reached target System Time Synchronized.
[   13.611694] systemd[1]: Reached target Swap.
[[0;32m  OK  [0m] Reached target Swap.
[   13.615422] systemd[1]: Created slice System Slice.
[[0;32m  OK  [0m] Created slice System Slice.
[   13.617454] systemd[1]: Listening on LVM2 poll daemon socket.
[[0;32m  OK  [0m] Listening on LVM2 poll daemon socket.
[   13.618975] systemd[1]: Listening on LVM2 metadata daemon socket.
[[0;32m  OK  [0m] Listening on LVM2 metadata daemon socket.
[   13.620751] systemd[1]: Listening on Device-mapper event daemon FIFOs.
[[0;32m  OK  [0m] Listening on Device-mapper event daemon FIFOs.
[[0;32m  OK  [0m] Created slice system-serial\x2dgetty.slice.
[[0;32m  OK  [0m] Listening on /dev/initctl Compatibility Named Pipe.
[[0;32m  OK  [0m] Listening on udev Kernel Socket.
[[0;32m  OK  [0m] Listening on Syslog Socket.
[[0;32m  OK  [0m] Listening on Journal Socket (/dev/log).
[[0;32m  OK  [0m] Listening on Journal Socket.
         Mounting POSIX Message Queue File System...
         Starting Uncomplicated firewall...
         Starting Load Kernel Modules...
         Starting Monitoring of LVM2 mirrorsâ€¦ng dmeventd or progress polling...
         Mounting Kernel Debug File System...
[   13.658174] Loading iSCSI transport class v2.0-870.
[[0;32m  OK  [0m] Started Forward Password Requests to Wall Directory Watch.
[   13.665673] iscsi: registered transport (tcp)
[[0;32m  OK  [0m] Listening on udev Control Socket.
[   13.684513] iscsi: registered transport (iser)
         Starting udev Coldplug all Devices...
         Starting Set the console keyboard layout...
[[0;32m  OK  [0m] Listening on Network Service Netlink Socket.
[[0;32m  OK  [0m] Listening on Journal Audit Socket.
         Mounting Huge Pages File System...
[[0;32m  OK  [0m] Created slice User and Session Slice.
[[0;32m  OK  [0m] Reached target Slices.
[[0;32m  OK  [0m] Reached target User and Group Name Lookups.
[[0;32m  OK  [0m] Listening on fsck to fsckd communication Socket.
         Starting File System Check on Root Device...
         Starting Journal Service...
[[0;32m  OK  [0m] Set up automount Arbitrary Executabâ€¦rmats File System Automount Point.
         Starting Create list of required stâ€¦ce nodes for the current kernel...
[[0;32m  OK  [0m] Mounted POSIX Message Queue File System.
[[0;32m  OK  [0m] Started Load Kernel Modules.
[[0;32m  OK  [0m] Mounted Kernel Debug File System.
[[0;32m  OK  [0m] Started Journal Service.
[[0;32m  OK  [0m] Mounted Huge Pages File System.
[[0;32m  OK  [0m] Started File System Check Daemon to report status.
[[0;32m  OK  [0m] Started LVM2 metadata daemon.
         Mounting FUSE Control File System...
         Mounting Kernel Configuration File System...
         Starting Apply Kernel Variables...
[[0;32m  OK  [0m] Started Create list of required staâ€¦vice nodes for the current kernel.
[[0;32m  OK  [0m] Mounted FUSE Control File System.
[[0;32m  OK  [0m] Mounted Kernel Configuration File System.
[[0;32m  OK  [0m] Started udev Coldplug all Devices.
         Starting Create Static Device Nodes in /dev...
[[0;32m  OK  [0m] Started File System Check on Root Device.
         Starting Remount Root and Kernel File Systems...
[[0;32m  OK  [0m] Started Monitoring of LVM2 mirrors,â€¦sing dmeventd or progress polling.
[[0;32m  OK  [0m] Started Create Static Device Nodes in /dev.
[[0;32m  OK  [0m] Started Apply Kernel Variables.
[[0;32m  OK  [0m] Started Remount Root and Kernel File Systems.
         Starting udev Kernel Device Manager...
         Starting Load/Save Random Seed...
         Starting Flush Journal to Persistent Storage...
[[0;32m  OK  [0m] Started Set the console keyboard layout.
[[0;32m  OK  [0m] Reached target Local File Systems (Pre).
[[0;32m  OK  [0m] Reached target Local File Systems.
         Starting Tell Plymouth To Write Out Runtime Data...
         Starting ebtables ruleset management...
         Starting Set console font and keymap...
         Starting AppArmor initialization...
[[0;32m  OK  [0m] Started udev Kernel Device Manager.
[[0;32m  OK  [0m] Started Load/Save Random Seed.
[[0;32m  OK  [0m] Started Dispatch Password Requests to Console Directory Watch.
[[0;32m  OK  [0m] Reached target Local Encrypted Volumes.
[[0;32m  OK  [0m] Started Tell Plymouth To Write Out Runtime Data.
[[0;32m  OK  [0m] Started Set console font and keymap.
[[0;32m  OK  [0m] Started ebtables ruleset management.
[[0;32m  OK  [0m] Started Flush Journal to Persistent Storage.
[[0;32m  OK  [0m] Found device /dev/ttyS0.
         Starting Create Volatile Files and Directories...
[[0;32m  OK  [0m] Started Create Volatile Files and Directories.
         Starting Update UTMP about System Boot/Shutdown...
[[0;32m  OK  [0m] Started Update UTMP about System Boot/Shutdown.
[[0;32m  OK  [0m] Listening on Load/Save RF Kill Switch Status /dev/rfkill Watch.
[[0;32m  OK  [0m] Started AppArmor initialization.
         Starting Load AppArmor profiles managed internally by snapd...
         Starting Initial cloud-init job (pre-networking)...
[[0;32m  OK  [0m] Started Load AppArmor profiles managed internally by snapd.
[[0;32m  OK  [0m] Started Uncomplicated firewall.
[   15.585604] cloud-init[590]: Cloud-init v. 21.1-19-gbad84ad4-0ubuntu1~18.04.2 running 'init-local' at Sun, 20 Jun 2021 12:32:30 +0000. Up 15.38 seconds.
[[0;32m  OK  [0m] Started Initial cloud-init job (pre-networking).
[[0;32m  OK  [0m] Reached target Network (Pre).
         Starting Network Service...
[[0;32m  OK  [0m] Started Network Service.
         Starting Wait for Network to be Configured...
         Starting Network Name Resolution...
[[0;32m  OK  [0m] Started Network Name Resolution.
[[0;32m  OK  [0m] Reached target Host and Network Name Lookups.
[[0;32m  OK  [0m] Reached target Network.
[[0;32m  OK  [0m] Started Wait for Network to be Configured.
         Starting Initial cloud-init job (metadata service crawler)...
[   18.019750] cloud-init[750]: Cloud-init v. 21.1-19-gbad84ad4-0ubuntu1~18.04.2 running 'init' at Sun, 20 Jun 2021 12:32:32 +0000. Up 17.88 seconds.
[   18.021269] cloud-init[750]: ci-info: ++++++++++++++++++++++++++++++++++++++Net device info+++++++++++++++++++++++++++++++++++++++
[   18.032176] cloud-init[750]: ci-info: +--------+------+-----------------------------+---------------+--------+-------------------+
[   18.033350] cloud-init[750]: ci-info: | Device |  Up  |           Address           |      Mask     | Scope  |     Hw-Address    |
[   18.034635] cloud-init[750]: ci-info: +--------+------+-----------------------------+---------------+--------+-------------------+
[   18.036400] cloud-init[750]: ci-info: | enp0s3 | True |          10.0.2.15          | 255.255.255.0 | global | 02:98:b0:9b:6c:78 |
[   18.049138] cloud-init[750]: ci-info: | enp0s3 | True |  fe80::98:b0ff:fe9b:6c78/64 |       .       |  link  | 02:98:b0:9b:6c:78 |
[   18.052749] cloud-init[750]: ci-info: | enp0s8 | True |        192.168.33.10        | 255.255.255.0 | global | 08:00:27:54:8b:78 |
[   18.054917] cloud-init[750]: ci-info: | enp0s8 | True | fe80::a00:27ff:fe54:8b78/64 |       .       |  link  | 08:00:27:54:8b:78 |
[   18.068326] cloud-init[750]: ci-info: |   lo   | True |          127.0.0.1          |   255.0.0.0   |  host  |         .         |
[   18.069491] cloud-init[750]: ci-info: |   lo   | True |           ::1/128           |       .       |  host  |         .         |
[   18.071059] cloud-init[750]: ci-info: +--------+------+-----------------------------+---------------+--------+-------------------+
[   18.084148] cloud-init[750]: ci-info: +++++++++++++++++++++++++++++Route IPv4 info+++++++++++++++++++++++++++++
[   18.085264] cloud-init[750]: ci-info: +-------+--------------+----------+-----------------+-----------+-------+
[   18.086484] cloud-init[750]: ci-info: | Route | Destination  | Gateway  |     Genmask     | Interface | Flags |
[   18.087658] cloud-init[750]: ci-info: +-------+--------------+----------+-----------------+-----------+-------+
[   18.088682] cloud-init[750]: ci-info: |   0   |   0.0.0.0    | 10.0.2.2 |     0.0.0.0     |   enp0s3  |   UG  |
[   18.089992] cloud-init[750]: ci-info: |   1   |   10.0.2.0   | 0.0.0.0  |  255.255.255.0  |   enp0s3  |   U   |
[   18.091194] cloud-init[750]: ci-info: |   2   |   10.0.2.2   | 0.0.0.0  | 255.255.255.255 |   enp0s3  |   UH  |
[   18.092403] cloud-init[750]: ci-info: |   3   | 192.168.33.0 | 0.0.0.0  |  255.255.255.0  |   enp0s8  |   U   |
[   18.093748] cloud-init[750]: ci-info: +-------+--------------+----------+-----------------+-----------+-------+
[   18.094910] cloud-init[750]: ci-info: +++++++++++++++++++Route IPv6 info+++++++++++++++++++
[   18.096179] cloud-init[750]: ci-info: +-------+-------------+---------+-----------+-------+
[   18.097415] cloud-init[750]: ci-info: | Route | Destination | Gateway | Interface | Flags |
[   18.108338] cloud-init[750]: ci-info: +-------+-------------+---------+-----------+-------+
[   18.109380] cloud-init[750]: ci-info: |   1   |  fe80::/64  |    ::   |   enp0s8  |   U   |
[   18.110358] cloud-init[750]: ci-info: |   2   |  fe80::/64  |    ::   |   enp0s3  |   U   |
[   18.111352] cloud-init[750]: ci-info: |   4   |    local    |    ::   |   enp0s3  |   U   |
[   18.112478] cloud-init[750]: ci-info: |   5   |    local    |    ::   |   enp0s8  |   U   |
[   18.113776] cloud-init[750]: ci-info: |   6   |   ff00::/8  |    ::   |   enp0s8  |   U   |
[   18.114974] cloud-init[750]: ci-info: |   7   |   ff00::/8  |    ::   |   enp0s3  |   U   |
[   18.116116] cloud-init[750]: ci-info: +-------+-------------+---------+-----------+-------+
[[0;32m  OK  [0m] Started Initial cloud-init job (metadata service crawler).
[[0;32m  OK  [0m] Reached target Cloud-config availability.
[[0;32m  OK  [0m] Reached target Network is Online.
[[0;32m  OK  [0m] Reached target Remote File Systems (Pre).
         Starting Availability of block devices...
         Mounting /vagrant...
[[0;32m  OK  [0m] Reached target System Initialization.
         Starting LXD - unix socket.
[[0;32m  OK  [0m] Listening on D-Bus System Message Bus Socket.
[[0;32m  OK  [0m] Started Daily Cleanup of Temporary Directories.
[[0;32m  OK  [0m] Started Message of the Day.
[[0;32m  OK  [0m] Started Discard unused blocks once a week.
[[0;32m  OK  [0m] Started Daily apt download activities.
[[0;32m  OK  [0m] Started Ubuntu Advantage update messaging.
[[0;32m  OK  [0m] Listening on UUID daemon activation socket.
[[0;32m  OK  [0m] Started Daily apt upgrade and clean activities.
[[0;32m  OK  [0m] Reached target Timers.
[[0;32m  OK  [0m] Listening on Open-iSCSI iscsid Socket.
[[0;32m  OK  [0m] Started ACPI Events Check.
[[0;32m  OK  [0m] Reached target Paths.
[[0;32m  OK  [0m] Listening on ACPID Listen Socket.
         Starting Socket activation for snappy daemon.
[[0;32m  OK  [0m] Started Availability of block devices.
[[0;32m  OK  [0m] Listening on LXD - unix socket.
[[0;32m  OK  [0m] Listening on Socket activation for snappy daemon.
[[0;32m  OK  [0m] Reached target Sockets.
[[0;32m  OK  [0m] Reached target Basic System.
         Starting MySQL Community Server...
[[0;32m  OK  [0m] Started Deferred execution scheduler.
         Starting LSB: Record successful boot for GRUB...
         Starting Login Service...
[[0;32m  OK  [0m] Started D-Bus System Message Bus.
         Starting Accounts Service...
         Starting System Logging Service...
[[0;32m  OK  [0m] Started irqbalance daemon.
         Starting Virtualbox guest utils...
         Starting A high performance web server and a reverse proxy server...
         Starting Message of the Day...
         Starting OpenBSD Secure Shell server...
[[0;32m  OK  [0m] Started Supervisor process control system for UNIX.
         Starting Snap Daemon...
         Starting Dispatcher daemon for systemd-networkd...
[[0;32m  OK  [0m] Started FUSE filesystem for LXC.
         Starting Ubuntu Advantage APT and MOTD Messages...
[[0;32m  OK  [0m] Started Regular background program processing daemon.
         Starting LXD - container startup/shutdown...
[[0;32m  OK  [0m] Started System Logging Service.
[[0;32m  OK  [0m] Mounted /vagrant.
[[0;32m  OK  [0m] Started Login Service.
[[0;32m  OK  [0m] Started A high performance web server and a reverse proxy server.
         Starting Authorization Manager...
[[0;32m  OK  [0m] Started Unattended Upgrades Shutdown.
[[0;32m  OK  [0m] Reached target Remote File Systems.
         Starting Permit User Sessions...
         Starting LSB: automatic crash report generation...
[[0;32m  OK  [0m] Started OpenBSD Secure Shell server.
[[0;32m  OK  [0m] Started Permit User Sessions.
         Starting Hold until boot process finishes up...
         Starting Terminate Plymouth Boot Screen...
[[0;32m  OK  [0m] Started Hold until boot process finishes up.
[[0;32m  OK  [0m] Started Serial Getty on ttyS0.
         Starting Set console scheme...
[[0;32m  OK  [0m] Started Terminate Plymouth Boot Screen.
[[0;32m  OK  [0m] Started Authorization Manager.
[[0;32m  OK  [0m] Started Accounts Service.
[[0;32m  OK  [0m] Started LSB: Record successful boot for GRUB.
[[0;32m  OK  [0m] Started Set console scheme.
[[0;32m  OK  [0m] Started LSB: automatic crash report generation.
[[0;32m  OK  [0m] Created slice system-getty.slice.
[[0;32m  OK  [0m] Started Getty on tty1.
[[0;32m  OK  [0m] Reached target Login Prompts.
[[0;32m  OK  [0m] Started Virtualbox guest utils.
[[0;32m  OK  [0m] Created slice User Slice of vagrant.
[[0;32m  OK  [0m] Started LXD - container startup/shutdown.
[[0;32m  OK  [0m] Started Session 1 of user vagrant.
         Starting User Manager for UID 1000...
[[0;32m  OK  [0m] Started Dispatcher daemon for systemd-networkd.
[[0;32m  OK  [0m] Started User Manager for UID 1000.
[[0;32m  OK  [0m] Started Snap Daemon.
         Starting Wait until snapd is fully seeded...
[[0;32m  OK  [0m] Started Wait until snapd is fully seeded.
         Starting Apply the settings specified in cloud-config...
[[0;32m  OK  [0m] Started Message of the Day.
[[0;32m  OK  [0m] Started Ubuntu Advantage APT and MOTD Messages.
[   21.493598] cloud-init[1287]: Cloud-init v. 21.1-19-gbad84ad4-0ubuntu1~18.04.2 running 'modules:config' at Sun, 20 Jun 2021 12:32:36 +0000. Up 21.38 seconds.
[[0;32m  OK  [0m] Started Apply the settings specified in cloud-config.
[[0;32m  OK  [0m] Started MySQL Community Server.
[[0;32m  OK  [0m] Reached target Multi-User System.
         Starting Execute cloud user/final scripts...
[[0;32m  OK  [0m] Reached target Graphical Interface.
         Starting Update UTMP about System Runlevel Changes...
[[0;32m  OK  [0m] Started Update UTMP about System Runlevel Changes.
[   22.512663] cloud-init[1393]: Cloud-init v. 21.1-19-gbad84ad4-0ubuntu1~18.04.2 running 'modules:final' at Sun, 20 Jun 2021 12:32:37 +0000. Up 22.34 seconds.
[   22.516423] cloud-init[1393]: Cloud-init v. 21.1-19-gbad84ad4-0ubuntu1~18.04.2 finished at Sun, 20 Jun 2021 12:32:37 +0000. Datasource DataSourceNoCloud [seed=/dev/sdb][dsmode=net].  Up 22.49 seconds
[[0;32m  OK  [0m] Started Execute cloud user/final scripts.
[[0;32m  OK  [0m] Reached target Cloud-init target.
         Starting Daily apt download activities...

Ubuntu 18.04.5 LTS ubuntu-bionic ttyS0

ubuntu-bionic login: 